
[1m[46m RUN [49m[22m [36mv4.0.12 [39m[90mC:/Users/priya/OneDrive/Documents/space-antigravity-game[39m


[2m Test Files [22m [2mno tests[22m
[2m      Tests [22m [2mno tests[22m
[2m     Errors [22m [1m[31m1 error[39m[22m
[2m   Start at [22m 15:52:12
[2m   Duration [22m 667ms[2m (transform 0ms, setup 0ms, collect 0ms, tests 0ms, environment 0ms, prepare 0ms)[22m

